﻿[36mvite v5.4.21 [32mbuilding for production...[36m[39m
transforming...
[32mÔ£ô[39m 480 modules transformed.
node.exe : [31mx[39m 
Build failed in 6.76s
At C:\Program 
Files\nodejs\npx.ps1:29 
char:3
+   & $NODE_EXE 
$NPX_CLI_JS $args
+   ~~~~~~~~~~~~~~~~~~~~~~
~~~~~~~
    + CategoryInfo        
      : NotSpecified: (  
  [31mx[39m Build fail   
 ed in 6.76s:String) [    
], RemoteException
    + FullyQualifiedError 
   Id : NativeCommandErr  
  or
 
[31merror during build:
[31msrc/components/Skills
.jsx (7:34): 
"SiVisualstudiocode" is 
not exported by "node_modu
les/react-icons/si/index.m
js", imported by "src/comp
onents/Skills.jsx".[31m
file: [36mD:/Files/Full S
tack/full_stack_projects/p
ortfolio/src/components/Sk
ills.jsx:7:34[31m
[33m
5:   SiNodedotjs, 
SiExpress, SiPostman, 
SiSocketdotio, 
SiCloudflare, 
SiLetsencrypt,
6:   SiMongodb, SiGit, 
SiGithub, SiVercel, 
SiCloudinary, SiSupabase, 
SiAppwrite,
7:   SiJavascript, 
SiCplusplus, SiC, 
SiVisualstudiocode,
                          
           ^
8: } from 
"react-icons/si";
9: import { FaReact, 
FaServer, FaDatabase, 
FaCode, FaCloud } from 
"react-icons/fa";
[31m
    at getRollupError (fil
e:///D:/Files/Full%20Stack
/full_stack_projects/portf
olio/node_modules/rollup/d
ist/es/shared/parseAst.js:
402:41)
    at error (file:///D:/F
iles/Full%20Stack/full_sta
ck_projects/portfolio/node
_modules/rollup/dist/es/sh
ared/parseAst.js:398:42)
    at Module.error (file:
///D:/Files/Full%20Stack/f
ull_stack_projects/portfol
io/node_modules/rollup/dis
t/es/shared/node-entry.js:
17040:16)
    at 
Module.traceVariable (file
:///D:/Files/Full%20Stack/
full_stack_projects/portfo
lio/node_modules/rollup/di
st/es/shared/node-entry.js
:17452:29)
    at 
ModuleScope.findVariable (
file:///D:/Files/Full%20St
ack/full_stack_projects/po
rtfolio/node_modules/rollu
p/dist/es/shared/node-entr
y.js:15070:39)
    at Identifier.bind (fi
le:///D:/Files/Full%20Stac
k/full_stack_projects/port
folio/node_modules/rollup/
dist/es/shared/node-entry.
js:5447:40)
    at Property.bind (file
:///D:/Files/Full%20Stack/
full_stack_projects/portfo
lio/node_modules/rollup/di
st/es/shared/node-entry.js
:2829:23)
    at 
ObjectExpression.bind (fil
e:///D:/Files/Full%20Stack
/full_stack_projects/portf
olio/node_modules/rollup/d
ist/es/shared/node-entry.j
s:2825:28)
    at 
VariableDeclarator.bind (f
ile:///D:/Files/Full%20Sta
ck/full_stack_projects/por
tfolio/node_modules/rollup
/dist/es/shared/node-entry
.js:2829:23)
    at 
VariableDeclaration.bind (
file:///D:/Files/Full%20St
ack/full_stack_projects/po
rtfolio/node_modules/rollu
p/dist/es/shared/node-entr
y.js:2825:28)[39m
